[INFO] Scanning for projects...
[INFO] 
[INFO] ---------------------< com.app:meeting-ai-backend >---------------------
[INFO] Building meeting-ai-backend 0.0.1-SNAPSHOT
[INFO]   from pom.xml
[INFO] --------------------------------[ jar ]---------------------------------
[INFO] 
[INFO] --- resources:3.3.1:resources (default-resources) @ meeting-ai-backend ---
[INFO] Copying 2 resources from src\main\resources to target\classes
[INFO] Copying 0 resource from src\main\resources to target\classes
[INFO] 
[INFO] --- compiler:3.11.0:compile (default-compile) @ meeting-ai-backend ---
[INFO] Changes detected - recompiling the module! :source
[INFO] Compiling 58 source files with javac [debug release 17] to target\classes
[INFO] /D:/Projects/Meeting-Notes/backend/src/main/java/com/app/meetingai/ai/WhisperTranscriptionService.java: D:\Projects\Meeting-Notes\backend\src\main\java\com\app\meetingai\ai\WhisperTranscriptionService.java uses unchecked or unsafe operations.
[INFO] /D:/Projects/Meeting-Notes/backend/src/main/java/com/app/meetingai/ai/WhisperTranscriptionService.java: Recompile with -Xlint:unchecked for details.
[INFO] Some messages have been simplified; recompile with -Xdiags:verbose to get full output
[INFO] -------------------------------------------------------------
[ERROR] COMPILATION ERROR : 
[INFO] -------------------------------------------------------------
[ERROR] /D:/Projects/Meeting-Notes/backend/src/main/java/com/app/meetingai/service/TranscriptionService.java:[3,1] com.app.meetingai.service.TranscriptionService is already defined in this compilation unit
[ERROR] /D:/Projects/Meeting-Notes/backend/src/main/java/com/app/meetingai/service/AIProcessingService.java:[80,45] method generateSummary in class com.app.meetingai.ai.GeminiService cannot be applied to given types;
  required: java.lang.Long,java.lang.String
  found:    java.lang.String
  reason: actual and formal argument lists differ in length
[ERROR] /D:/Projects/Meeting-Notes/backend/src/main/java/com/app/meetingai/service/AIProcessingService.java:[80,83] incompatible types: java.lang.String cannot be converted to java.lang.Long
[ERROR] /D:/Projects/Meeting-Notes/backend/src/main/java/com/app/meetingai/service/AIProcessingService.java:[86,20] cannot find symbol
  symbol:   method setCreatedAt(java.time.Instant)
  location: variable summary of type com.app.meetingai.model.MeetingSummary
[ERROR] /D:/Projects/Meeting-Notes/backend/src/main/java/com/app/meetingai/service/AIProcessingService.java:[207,45] method generateSummary in class com.app.meetingai.ai.GeminiService cannot be applied to given types;
  required: java.lang.Long,java.lang.String
  found:    java.lang.String
  reason: actual and formal argument lists differ in length
[ERROR] /D:/Projects/Meeting-Notes/backend/src/main/java/com/app/meetingai/service/AIProcessingService.java:[207,83] incompatible types: java.lang.String cannot be converted to java.lang.Long
[ERROR] /D:/Projects/Meeting-Notes/backend/src/main/java/com/app/meetingai/service/AIProcessingService.java:[213,20] cannot find symbol
  symbol:   method setCreatedAt(java.time.Instant)
  location: variable summary of type com.app.meetingai.model.MeetingSummary
[ERROR] /D:/Projects/Meeting-Notes/backend/src/main/java/com/app/meetingai/service/MeetingTemplateService.java:[36,81] cannot find symbol
  symbol:   method userId()
  location: variable user of type com.app.meetingai.security.UserPrincipal
[ERROR] /D:/Projects/Meeting-Notes/backend/src/main/java/com/app/meetingai/service/MeetingTemplateService.java:[44,32] cannot find symbol
  symbol:   method userId()
  location: variable user of type com.app.meetingai.security.UserPrincipal
[ERROR] /D:/Projects/Meeting-Notes/backend/src/main/java/com/app/meetingai/service/MeetingTemplateService.java:[58,75] cannot find symbol
  symbol:   method userId()
  location: variable user of type com.app.meetingai.security.UserPrincipal
[ERROR] /D:/Projects/Meeting-Notes/backend/src/main/java/com/app/meetingai/service/MeetingTemplateService.java:[61,81] cannot find symbol
  symbol:   method userId()
  location: variable user of type com.app.meetingai.security.UserPrincipal
[ERROR] /D:/Projects/Meeting-Notes/backend/src/main/java/com/app/meetingai/service/MeetingTemplateService.java:[71,46] cannot find symbol
  symbol:   method userId()
  location: variable user of type com.app.meetingai.security.UserPrincipal
[ERROR] /D:/Projects/Meeting-Notes/backend/src/main/java/com/app/meetingai/service/MeetingTemplateService.java:[82,46] cannot find symbol
  symbol:   method userId()
  location: variable user of type com.app.meetingai.security.UserPrincipal
[ERROR] /D:/Projects/Meeting-Notes/backend/src/main/java/com/app/meetingai/service/MeetingTemplateService.java:[86,64] cannot find symbol
  symbol:   method userId()
  location: variable user of type com.app.meetingai.security.UserPrincipal
[ERROR] /D:/Projects/Meeting-Notes/backend/src/main/java/com/app/meetingai/service/MeetingTemplateService.java:[105,46] cannot find symbol
  symbol:   method userId()
  location: variable user of type com.app.meetingai.security.UserPrincipal
[ERROR] /D:/Projects/Meeting-Notes/backend/src/main/java/com/app/meetingai/service/MeetingTemplateService.java:[109,64] cannot find symbol
  symbol:   method userId()
  location: variable user of type com.app.meetingai.security.UserPrincipal
[ERROR] /D:/Projects/Meeting-Notes/backend/src/main/java/com/app/meetingai/service/MeetingTemplateService.java:[122,107] cannot find symbol
  symbol:   method userId()
  location: variable user of type com.app.meetingai.security.UserPrincipal
[ERROR] /D:/Projects/Meeting-Notes/backend/src/main/java/com/app/meetingai/service/MeetingTemplateService.java:[142,46] cannot find symbol
  symbol:   method userId()
  location: variable user of type com.app.meetingai.security.UserPrincipal
[ERROR] /D:/Projects/Meeting-Notes/backend/src/main/java/com/app/meetingai/service/MeetingTemplateService.java:[146,67] cannot find symbol
  symbol:   method userId()
  location: variable user of type com.app.meetingai.security.UserPrincipal
[ERROR] /D:/Projects/Meeting-Notes/backend/src/main/java/com/app/meetingai/service/MeetingTemplateService.java:[154,33] cannot find symbol
  symbol:   method userId()
  location: variable user of type com.app.meetingai.security.UserPrincipal
[ERROR] /D:/Projects/Meeting-Notes/backend/src/main/java/com/app/meetingai/service/MeetingTemplateService.java:[169,53] cannot find symbol
  symbol:   method userId()
  location: variable user of type com.app.meetingai.security.UserPrincipal
[INFO] 21 errors 
[INFO] -------------------------------------------------------------
[INFO] ------------------------------------------------------------------------
[INFO] BUILD FAILURE
[INFO] ------------------------------------------------------------------------
[INFO] Total time:  3.734 s
[INFO] Finished at: 2026-03-25T20:29:38+05:30
[INFO] ------------------------------------------------------------------------
[ERROR] Failed to execute goal org.apache.maven.plugins:maven-compiler-plugin:3.11.0:compile (default-compile) on project meeting-ai-backend: Compilation failure: Compilation failure: 
[ERROR] /D:/Projects/Meeting-Notes/backend/src/main/java/com/app/meetingai/service/TranscriptionService.java:[3,1] com.app.meetingai.service.TranscriptionService is already defined in this compilation unit
[ERROR] /D:/Projects/Meeting-Notes/backend/src/main/java/com/app/meetingai/service/AIProcessingService.java:[80,45] method generateSummary in class com.app.meetingai.ai.GeminiService cannot be applied to given types;
[ERROR]   required: java.lang.Long,java.lang.String
[ERROR]   found:    java.lang.String
[ERROR]   reason: actual and formal argument lists differ in length
[ERROR] /D:/Projects/Meeting-Notes/backend/src/main/java/com/app/meetingai/service/AIProcessingService.java:[80,83] incompatible types: java.lang.String cannot be converted to java.lang.Long
[ERROR] /D:/Projects/Meeting-Notes/backend/src/main/java/com/app/meetingai/service/AIProcessingService.java:[86,20] cannot find symbol
[ERROR]   symbol:   method setCreatedAt(java.time.Instant)
[ERROR]   location: variable summary of type com.app.meetingai.model.MeetingSummary
[ERROR] /D:/Projects/Meeting-Notes/backend/src/main/java/com/app/meetingai/service/AIProcessingService.java:[207,45] method generateSummary in class com.app.meetingai.ai.GeminiService cannot be applied to given types;
[ERROR]   required: java.lang.Long,java.lang.String
[ERROR]   found:    java.lang.String
[ERROR]   reason: actual and formal argument lists differ in length
[ERROR] /D:/Projects/Meeting-Notes/backend/src/main/java/com/app/meetingai/service/AIProcessingService.java:[207,83] incompatible types: java.lang.String cannot be converted to java.lang.Long
[ERROR] /D:/Projects/Meeting-Notes/backend/src/main/java/com/app/meetingai/service/AIProcessingService.java:[213,20] cannot find symbol
[ERROR]   symbol:   method setCreatedAt(java.time.Instant)
[ERROR]   location: variable summary of type com.app.meetingai.model.MeetingSummary
[ERROR] /D:/Projects/Meeting-Notes/backend/src/main/java/com/app/meetingai/service/MeetingTemplateService.java:[36,81] cannot find symbol
[ERROR]   symbol:   method userId()
[ERROR]   location: variable user of type com.app.meetingai.security.UserPrincipal
[ERROR] /D:/Projects/Meeting-Notes/backend/src/main/java/com/app/meetingai/service/MeetingTemplateService.java:[44,32] cannot find symbol
[ERROR]   symbol:   method userId()
[ERROR]   location: variable user of type com.app.meetingai.security.UserPrincipal
[ERROR] /D:/Projects/Meeting-Notes/backend/src/main/java/com/app/meetingai/service/MeetingTemplateService.java:[58,75] cannot find symbol
[ERROR]   symbol:   method userId()
[ERROR]   location: variable user of type com.app.meetingai.security.UserPrincipal
[ERROR] /D:/Projects/Meeting-Notes/backend/src/main/java/com/app/meetingai/service/MeetingTemplateService.java:[61,81] cannot find symbol
[ERROR]   symbol:   method userId()
[ERROR]   location: variable user of type com.app.meetingai.security.UserPrincipal
[ERROR] /D:/Projects/Meeting-Notes/backend/src/main/java/com/app/meetingai/service/MeetingTemplateService.java:[71,46] cannot find symbol
[ERROR]   symbol:   method userId()
[ERROR]   location: variable user of type com.app.meetingai.security.UserPrincipal
[ERROR] /D:/Projects/Meeting-Notes/backend/src/main/java/com/app/meetingai/service/MeetingTemplateService.java:[82,46] cannot find symbol
[ERROR]   symbol:   method userId()
[ERROR]   location: variable user of type com.app.meetingai.security.UserPrincipal
[ERROR] /D:/Projects/Meeting-Notes/backend/src/main/java/com/app/meetingai/service/MeetingTemplateService.java:[86,64] cannot find symbol
[ERROR]   symbol:   method userId()
[ERROR]   location: variable user of type com.app.meetingai.security.UserPrincipal
[ERROR] /D:/Projects/Meeting-Notes/backend/src/main/java/com/app/meetingai/service/MeetingTemplateService.java:[105,46] cannot find symbol
[ERROR]   symbol:   method userId()
[ERROR]   location: variable user of type com.app.meetingai.security.UserPrincipal
[ERROR] /D:/Projects/Meeting-Notes/backend/src/main/java/com/app/meetingai/service/MeetingTemplateService.java:[109,64] cannot find symbol
[ERROR]   symbol:   method userId()
[ERROR]   location: variable user of type com.app.meetingai.security.UserPrincipal
[ERROR] /D:/Projects/Meeting-Notes/backend/src/main/java/com/app/meetingai/service/MeetingTemplateService.java:[122,107] cannot find symbol
[ERROR]   symbol:   method userId()
[ERROR]   location: variable user of type com.app.meetingai.security.UserPrincipal
[ERROR] /D:/Projects/Meeting-Notes/backend/src/main/java/com/app/meetingai/service/MeetingTemplateService.java:[142,46] cannot find symbol
[ERROR]   symbol:   method userId()
[ERROR]   location: variable user of type com.app.meetingai.security.UserPrincipal
[ERROR] /D:/Projects/Meeting-Notes/backend/src/main/java/com/app/meetingai/service/MeetingTemplateService.java:[146,67] cannot find symbol
[ERROR]   symbol:   method userId()
[ERROR]   location: variable user of type com.app.meetingai.security.UserPrincipal
[ERROR] /D:/Projects/Meeting-Notes/backend/src/main/java/com/app/meetingai/service/MeetingTemplateService.java:[154,33] cannot find symbol
[ERROR]   symbol:   method userId()
[ERROR]   location: variable user of type com.app.meetingai.security.UserPrincipal
[ERROR] /D:/Projects/Meeting-Notes/backend/src/main/java/com/app/meetingai/service/MeetingTemplateService.java:[169,53] cannot find symbol
[ERROR]   symbol:   method userId()
[ERROR]   location: variable user of type com.app.meetingai.security.UserPrincipal
[ERROR] -> [Help 1]
[ERROR] 
[ERROR] To see the full stack trace of the errors, re-run Maven with the -e switch.
[ERROR] Re-run Maven using the -X switch to enable full debug logging.
[ERROR] 
[ERROR] For more information about the errors and possible solutions, please read the following articles:
[ERROR] [Help 1] http://cwiki.apache.org/confluence/display/MAVEN/MojoFailureException
